BCBCBCBCBCBCBCBCBC
CBCBCBCBCBCBCBCBCB
BCBCBCBCBCBCBCBCBC
CBCBCBCBCBCBCBCBCB
BCBCBCBCBCBCBCBCBC
CBCBCBCBCBCBCBCBCB
BCBCBCBCBCBCBCBCBC
CBCBCBCBCBCBCBCBCB
BCBCBCBCBCBCBCBCBC
CBCBCBCBCBCBCBCBCB
BCBCBCBCBCBCBCBCBC
CBCBCBCBCBCBCBCBCB
BCBCBCBCBCBCBCBCBC
CBCBCBCBCBCBCBCBCB
BCBCBCBCBCBCBCBCBC
CBCBCBCBCBCBCBCBCB
BCBCBCBCBCBCBCBCBC
CBCBCBCBCBCBCBCBCB
BCBCBCBCBCBCBCBCBC
CBCBCBCBCBCBCBCBCB
BCBCBCBCBCBCBCBCBC
CBCBCBCBCBCBCBCBCB
BCBCBCBCBCBCBCBCBC
CBCBCBCBCBCBCBCBCB
BCBCBCBCBCBCBCBCBC
CBCBCBCBCBCBCBCBCB
BCBCBCBCBCBCBCBCBC
CBCBCBCBCBCBCBCBCB
BCBCBCBCBCBCBCBCBC
CBCBCBCBCBCBCBCBCB
BCBCBCBCBCBCBCBCBC
CBCBCBCBCBCBCBCBCB
BCBCBCBCBCBCBCBCBC
CBCBCBCBCBCBCBCBCB
BCBCBCBCBCBCBCBCBC
CBCBCBCBCBCBCBCBCB
BCBCBCBCBCBCBCBCBC
CBCBCBCBCBCBCBCBCB
BCBCBCBCBCBCBCBCBC
CBCBCBCBCBCBCBCBCB
BCBCBCBCBCBCBCBCBC
CBCBCBCBCBCBCBCBCB
BCBCBCBCBCBCBCBCBC
CBCBCBCBCBCBCBCBCB
BCBCBCBCBCBCBCBCBC
CBCBCBCBCBCBCBCBCB
BCBCBCBCBCBCBCBCBC
CBCBCBCBCBCBCBCBCB
BCBCBCBCBCBCBCBCBC
CBCBCBCBCBCBCBCBCB
BCBCBCBCBCBCBCBCBC
CBCBCBCBCBCBCBCBCB
BCBCBCBCBCBCBCBCBC
CBCBCBCBCBCBCBCBCB
BCBCBCBCBCBCBCBCBC
CBCBCBCBCBCBCBCBCB
BCBCBCBCBCBCBCBCBC
CBCBCBCBCBCBCBCBCB
BCBCBCBCBCBCBCBCBC
CBCBCBCBCBCBCBCBCB
BCBCBCBCBCBCBCBCBC
CBCBCBCBCBCBCBCBCB
BCBCBCBCBCBCBCBCBC
CBCBCBCBCBCBCBCBCB
BCBCBCBCBCBCBCBCBC
CBCBCBCBCBCBCBCBCB
BCBCBCBCBCBCBCBCBC
CBCBCBCBCBCBCBCBCB
BCBCBCBCBCBCBCBCBC
CBCBCBCBCBCBCBCBCB
BCBCBCBCBCBCBCBCBC
CBCBCBCBCBCBCBCBCB
BCBCBCBCBCBCBCBCBC
CBCBCBCBCBCBCBCBCB
BCBCBCBCBCBCBCBCBC
CBCBCBCBCBCBCBCBCB
BCBCBCBCBCBCBCBCBC
CBCBCBCBCBCBCBCBCB
BCBCBCBCBCBCBCBCBC
CBCBCBCBCBCBCBCBCB
BCBCBCBCBCBCBCBCBC
CBCBCBCBCBCBCBCBCB
BCBCBCBCBCBCBCBCBC
CBCBCBCBCBCBCBCBCB
BCBCBCBCBCBCBCBCBC
CBCBCBCBCBCBCBCBCB
BCBCBCBCBCBCBCBCBC
CBCBCBCBCBCBCBCBCB
BCBCBCBCBCBCBCBCBC
CBCBCBCBCBCBCBCBCB
BCBCBCBCBCBCBCBCBC
CBCBCBCBCBCBCBCBCB
BCBCBCBCBCBCBCBCBC
CBCBCBCBCBCBCBCBCB
BCBCBCBCBCBCBCBCBC
CBCBCBCBCBCBCBCBCB
BCBCBCBCBCBCBCBCBC
CBCBCBCBCBCBCBCBCB
BCBCBCBCBCBCBCBCBC
CBCBCBCBCBCBCBCBCB
BCBCBCBCBCBCBCBCBC
CBCBCBCBCBCBCBCBCB
BCBCBCBCBCBCBCBCBC
CBCBCBCBCBCBCBCBCB
BCBCBCBCBCBCBCBCBC
CBCBCBCBCBCBCBCBCB
BCBCBCBCBCBCBCBCBC
CBCBCBCBCBCBCBCBCB
BCBCBCBCBCBCBCBCBC
CBCBCBCBCBCBCBCBCB
BCBCBCBCBCBCBCBCBC
CBCBCBCBCBCBCBCBCB
BCBCBCBCBCBCBCBCBC
CBCBCBCBCBCBCBCBCB
BCBCBCBCBCBCBCBCBC
CBCBCBCBCBCBCBCBCB
BCBCBCBCBCBCBCBCBC
CBCBCBCBCBCBCBCBCB
BCBCBCBCBCBCBCBCBC
CBCBCBCBCBCBCBCBCB
BCBCBCBCBCBCBCBCBC
CBCBCBCBCBCBCBCBCB
BCBCBCBCBCBCBCBCBC
CBCBCBCBCBCBCBCBCB
BCBCBCBCBCBCBCBCBC
CBCBCBCBCBCBCBCBCB
BCBCBCBCBCBCBCBCBC
CBCBCBCBCBCBCBCBCB
BCBCBCBCBCBCBCBCBC
CBCBCBCBCBCBCBCBCB
BCBCBCBCBCBCBCBCBC
CBCBCBCBCBCBCBCBCB
BCBCBCBCBCBCBCBCBC
CBCBCBCBCBCBCBCBCB
BCBCBCBCBCBCBCBCBC
CBCBCBCBCBCBCBCBCB
BCBCBCBCBCBCBCBCBC
CBCBCBCBCBCBCBCBCB
BCBCBCBCBCBCBCBCBC
CBCBCBCBCBCBCBCBCB
BCBCBCBCBCBCBCBCBC
CBCBCBCBCBCBCBCBCB
BCBCBCBCBCBCBCBCBC
CBCBCBCBCBCBCBCBCB
BCBCBCBCBCBCBCBCBC
CBCBCBCBCBCBCBCBCB
BCBCBCBCBCBCBCBCBC
CBCBCBCBCBCBCBCBCB
BCBCBCBCBCBCBCBCBC
CBCBCBCBCBCBCBCBCB
BCBCBCBCBCBCBCBCBC
CBCBCBCBCBCBCBCBCB
BCBCBCBCBCBCBCBCBC
CBCBCBCBCBCBCBCBCB
BCBCBCBCBCBCBCBCBC
CBCBCBCBCBCBCBCBCB
BCBCBCBCBCBCBCBCBC
CBCBCBCBCBCBCBCBCB
BCBCBCBCBCBCBCBCBC
CBCBCBCBCBCBCBCBCB
BCBCBCBCBCBCBCBCBC
CBCBCBCBCBCBCBCBCB
BCBCBCBCBCBCBCBCBC
CBCBCBCBCBCBCBCBCB
BCBCBCBCBCBCBCBCBC
CBCBCBCBCBCBCBCBCB
BCBCBCBCBCBCBCBCBC
CBCBCBCBCBCBCBCBCB
BCBCBCBCBCBCBCBCBC
CBCBCBCBCBCBCBCBCB
BCBCBCBCBCBCBCBCBC
CBCBCBCBCBCBCBCBCB
BCBCBCBCBCBCBCBCBC
CBCBCBCBCBCBCBCBCB
BCBCBCBCBCBCBCBCBC
CBCBCBCBCBCBCBCBCB
BCBCBCBCBCBCBCBCBC
CBCBCBCBCBCBCBCBCB
BCBCBCBCBCBCBCBCBC
CBCBCBCBCBCBCBCBCB
BCBCBCBCBCBCBCBCBC
CBCBCBCBCBCBCBCBCB
BCBCBCBCBCBCBCBCBC
CBCBCBCBCBCBCBCBCB
BCBCBCBCBCBCBCBCBC
CBCBCBCBCBCBCBCBCB
BCBCBCBCBCBCBCBCBC
CBCBCBCBCBCBCBCBCB
BCBCBCBCBCBCBCBCBC
CBCBCBCBCBCBCBCBCB
BCBCBCBCBCBCBCBCBC
CBCBCBCBCBCBCBCBCB
BCBCBCBCBCBCBCBCBC
CBCBCBCBCBCBCBCBCB
BCBCBCBCBCBCBCBCBC
CBCBCBCBCBCBCBCBCB
BCBCBCBCBCBCBCBCBC
CBCBCBCBCBCBCBCBCB
BCBCBCBCBCBCBCBCBC
CBCBCBCBCBCBCBCBCB
BCBCBCBCBCBCBCBCBC
CBCBCBCBCBCBCBCBCB
BCBCBCBCBCBCBCBCBC
CBCBCBCBCBCBCBCBCB
BCBCBCBCBCBCBCBCBC
CBCBCBCBCBCBCBCBCB
BCBCBCBCBCBCBCBCBC
CBCBCBCBCBCBCBCBCB
BCBCBCBCBCBCBCBCBC
CBCBCBCBCBCBCBCBCB
BCBCBCBCBCBCBCBCBC
CBCBCBCBCBCBCBCBCB
BCBCBCBCBCBCBCBCBC
CBCBCBCBCBCBCBCBCB
BCBCBCBCBCBCBCBCBC
CBCBCBCBCBCBCBCBCB
BCBCBCBCBCBCBCBCBC
CBCBCBCBCBCBCBCBCB
BCBCBCBCBCBCBCBCBC
CBCBCBCBCBCBCBCBCB
BCBCBCBCBCBCBCBCBC
CBCBCBCBCBCBCBCBCB
BCBCBCBCBCBCBCBCBC
CBCBCBCBCBCBCBCBCB
BCBCBCBCBCBCBCBCBC
CBCBCBCBCBCBCBCBCB
BCBCBCBCBCBCBCBCBC
CBCBCBCBCBCBCBCBCB
BCBCBCBCBCBCBCBCBC
CBCBCBCBCBCBCBCBCB
BCBCBCBCBCBCBCBCBC
CBCBCBCBCBCBCBCBCB
BCBCBCBCBCBCBCBCBC
CBCBCBCBCBCBCBCBCB
BCBCBCBCBCBCBCBCBC
CBCBCBCBCBCBCBCBCB
BCBCBCBCBCBCBCBCBC
CBCBCBCBCBCBCBCBCB
BCBCBCBCBCBCBCBCBC
CBCBCBCBCBCBCBCBCB
BCBCBCBCBCBCBCBCBC
CBCBCBCBCBCBCBCBCB
BCBCBCBCBCBCBCBCBC
CBCBCBCBCBCBCBCBCB
BCBCBCBCBCBCBCBCBC
CBCBCBCBCBCBCBCBCB
BCBCBCBCBCBCBCBCBC
CBCBCBCBCBCBCBCBCB
BCBCBCBCBCBCBCBCBC
CBCBCBCBCBCBCBCBCB
BCBCBCBCBCBCBCBCBC
CBCBCBCBCBCBCBCBCB
BCBCBCBCBCBCBCBCBC
CBCBCBCBCBCBCBCBCB
BCBCBCBCBCBCBCBCBC
CBCBCBCBCBCBCBCBCB
BCBCBCBCBCBCBCBCBC
CBCBCBCBCBCBCBCBCB
BCBCBCBCBCBCBCBCBC
CBCBCBCBCBCBCBCBCB
BCBCBCBCBCBCBCBCBC
CBCBCBCBCBCBCBCBCB
BCBCBCBCBCBCBCBCBC
CBCBCBCBCBCBCBCBCB
BCBCBCBCBCBCBCBCBC
CBCBCBCBCBCBCBCBCB
BCBCBCBCBCBCBCBCBC
CBCBCBCBCBCBCBCBCB
BCBCBCBCBCBCBCBCBC
CBCBCBCBCBCBCBCBCB
BCBCBCBCBCBCBCBCBC
CBCBCBCBCBCBCBCBCB
BCBCBCBCBCBCBCBCBC
CBCBCBCBCBCBCBCBCB
BCBCBCBCBCBCBCBCBC
CBCBCBCBCBCBCBCBCB
BCBCBCBCBCBCBCBCBC
CBCBCBCBCBCBCBCBCB
BCBCBCBCBCBCBCBCBC
CBCBCBCBCBCBCBCBCB
BCBCBCBCBCBCBCBCBC
CBCBCBCBCBCBCBCBCB
BCBCBCBCBCBCBCBCBC
CBCBCBCBCBCBCBCBCB
BCBCBCBCBCBCBCBCBC
CBCBCBCBCBCBCBCBCB
BCBCBCBCBCBCBCBCBC
CBCBCBCBCBCBCBCBCB
BCBCBCBCBCBCBCBCBC
CBCBCBCBCBCBCBCBCB
BCBCBCBCBCBCBCBCBC
CBCBCBCBCBCBCBCBCB
BCBCBCBCBCBCBCBCBC
CBCBCBCBCBCBCBCBCB
BCBCBCBCBCBCBCBCBC
CBCBCBCBCBCBCBCBCB
BCBCBCBCBCBCBCBCBC
CBCBCBCBCBCBCBCBCB
BCBCBCBCBCBCBCBCBC
CBCBCBCBCBCBCBCBCB
BCBCBCBCBCBCBCBCBC
CBCBCBCBCBCBCBCBCB
BCBCBCBCBCBCBCBCBC
CBCBCBCBCBCBCBCBCB
BCBCBCBCBCBCBCBCBC
CBCBCBCBCBCBCBCBCB
BCBCBCBCBCBCBCBCBC
CBCBCBCBCBCBCBCBCB
BCBCBCBCBCBCBCBCBC
CBCBCBCBCBCBCBCBCB
BCBCBCBCBCBCBCBCBC
CBCBCBCBCBCBCBCBCB
BCBCBCBCBCBCBCBCBC
CBCBCBCBCBCBCBCBCB
BCBCBCBCBCBCBCBCBC
CBCBCBCBCBCBCBCBCB
BCBCBCBCBCBCBCBCBC
CBCBCBCBCBCBCBCBCB
BCBCBCBCBCBCBCBCBC
CBCBCBCBCBCBCBCBCB
BCBCBCBCBCBCBCBCBC
CBCBCBCBCBCBCBCBCB
BCBCBCBCBCBCBCBCBC
CBCBCBCBCBCBCBCBCB
BCBCBCBCBCBCBCBCBC
CBCBCBCBCBCBCBCBCB
BCBCBCBCBCBCBCBCBC
CBCBCBCBCBCBCBCBCB
BCBCBCBCBCBCBCBCBC
CBCBCBCBCBCBCBCBCB
BCBCBCBCBCBCBCBCBC
CBCBCBCBCBCBCBCBCB
BCBCBCBCBCBCBCBCBC
CBCBCBCBCBCBCBCBCB
BCBCBCBCBCBCBCBCBC
CBCBCBCBCBCBCBCBCB
BCBCBCBCBCBCBCBCBC
CBCBCBCBCBCBCBCBCB
BCBCBCBCBCBCBCBCBC
CBCBCBCBCBCBCBCBCB
BCBCBCBCBCBCBCBCBC
CBCBCBCBCBCBCBCBCB
BCBCBCBCBCBCBCBCBC
CBCBCBCBCBCBCBCBCB
BCBCBCBCBCBCBCBCBC
CBCBCBCBCBCBCBCBCB
BCBCBCBCBCBCBCBCBC
CBCBCBCBCBCBCBCBCB
BCBCBCBCBCBCBCBCBC
CBCBCBCBCBCBCBCBCB
BCBCBCBCBCBCBCBCBC
CBCBCBCBCBCBCBCBCB
BCBCBCBCBCBCBCBCBC
CBCBCBCBCBCBCBCBCB
BCBCBCBCBCBCBCBCBC
CBCBCBCBCBCBCBCBCB
BCBCBCBCBCBCBCBCBC
CBCBCBCBCBCBCBCBCB
BCBCBCBCBCBCBCBCBC
CBCBCBCBCBCBCBCBCB
BCBCBCBCBCBCBCBCBC
CBCBCBCBCBCBCBCBCB
BCBCBCBCBCBCBCBCBC
CBCBCBCBCBCBCBCBCB
BCBCBCBCBCBCBCBCBC
CBCBCBCBCBCBCBCBCB
BCBCBCBCBCBCBCBCBC
CBCBCBCBCBCBCBCBCB
BCBCBCBCBCBCBCBCBC
CBCBCBCBCBCBCBCBCB
BCBCBCBCBCBCBCBCBC
CBCBCBCBCBCBCBCBCB
BCBCBCBCBCBCBCBCBC
CBCBCBCBCBCBCBCBCB
BCBCBCBCBCBCBCBCBC
CBCBCBCBCBCBCBCBCB
BCBCBCBCBCBCBCBCBC
CBCBCBCBCBCBCBCBCB
BCBCBCBCBCBCBCBCBC
CBCBCBCBCBCBCBCBCB
BCBCBCBCBCBCBCBCBC
CBCBCBCBCBCBCBCBCB
BCBCBCBCBCBCBCBCBC
CBCBCBCBCBCBCBCBCB
BCBCBCBCBCBCBCBCBC
CBCBCBCBCBCBCBCBCB
BCBCBCBCBCBCBCBCBC
CBCBCBCBCBCBCBCBCB
BCBCBCBCBCBCBCBCBC
CBCBCBCBCBCBCBCBCB
BCBCBCBCBCBCBCBCBC
CBCBCBCBCBCBCBCBCB
BCBCBCBCBCBCBCBCBC
CBCBCBCBCBCBCBCBCB
BCBCBCBCBCBCBCBCBC
CBCBCBCBCBCBCBCBCB
BCBCBCBCBCBCBCBCBC
CBCBCBCBCBCBCBCBCB
BCBCBCBCBCBCBCBCBC
CBCBCBCBCBCBCBCBCB
BCBCBCBCBCBCBCBCBC
CBCBCBCBCBCBCBCBCB
BCBCBCBCBCBCBCBCBC
CBCBCBCBCBCBCBCBCB
BCBCBCBCBCBCBCBCBC
CBCBCBCBCBCBCBCBCB
BCBCBCBCBCBCBCBCBC
CBCBCBCBCBCBCBCBCB
BCBCBCBCBCBCBCBCBC
CBCBCBCBCBCBCBCBCB
BCBCBCBCBCBCBCBCBC
CBCBCBCBCBCBCBCBCB
BCBCBCBCBCBCBCBCBC
CBCBCBCBCBCBCBCBCB
BCBCBCBCBCBCBCBCBC
CBCBCBCBCBCBCBCBCB
BCBCBCBCBCBCBCBCBC
CBCBCBCBCBCBCBCBCB
BCBCBCBCBCBCBCBCBC
CBCBCBCBCBCBCBCBCB
BCBCBCBCBCBCBCBCBC
CBCBCBCBCBCBCBCBCB
BCBCBCBCBCBCBCBCBC
CBCBCBCBCBCBCBCBCB
BCBCBCBCBCBCBCBCBC
CBCBCBCBCBCBCBCBCB
BCBCBCBCBCBCBCBCBC
CBCBCBCBCBCBCBCBCB
BCBCBCBCBCBCBCBCBC
CBCBCBCBCBCBCBCBCB
BCBCBCBCBCBCBCBCBC
CBCBCBCBCBCBCBCBCB
BCBCBCBCBCBCBCBCBC
CBCBCBCBCBCBCBCBCB
BCBCBCBCBCBCBCBCBC
CBCBCBCBCBCBCBCBCB
BCBCBCBCBCBCBCBCBC
CBCBCBCBCBCBCBCBCB
BCBCBCBCBCBCBCBCBC
CBCBCBCBCBCBCBCBCB
BCBCBCBCBCBCBCBCBC
CBCBCBCBCBCBCBCBCB
BCBCBCBCBCBCBCBCBC
CBCBCBCBCBCBCBCBCB
BCBCBCBCBCBCBCBCBC
CBCBCBCBCBCBCBCBCB
BCBCBCBCBCBCBCBCBC
CBCBCBCBCBCBCBCBCB
BCBCBCBCBCBCBCBCBC
CBCBCBCBCBCBCBCBCB
BCBCBCBCBCBCBCBCBC
CBCBCBCBCBCBCBCBCB
BCBCBCBCBCBCBCBCBC
CBCBCBCBCBCBCBCBCB
BCBCBCBCBCBCBCBCBC
CBCBCBCBCBCBCBCBCB
BCBCBCBCBCBCBCBCBC
CBCBCBCBCBCBCBCBCB
BCBCBCBCBCBCBCBCBC
CBCBCBCBCBCBCBCBCB
BCBCBCBCBCBCBCBCBC
CBCBCBCBCBCBCBCBCB
BCBCBCBCBCBCBCBCBC
CBCBCBCBCBCBCBCBCB
BCBCBCBCBCBCBCBCBC
CBCBCBCBCBCBCBCBCB
BCBCBCBCBCBCBCBCBC
CBCBCBCBCBCBCBCBCB
BCBCBCBCBCBCBCBCBC
CBCBCBCBCBCBCBCBCB
BCBCBCBCBCBCBCBCBC
CBCBCBCBCBCBCBCBCB
BCBCBCBCBCBCBCBCBC
CBCBCBCBCBCBCBCBCB
BCBCBCBCBCBCBCBCBC
CBCBCBCBCBCBCBCBCB
BCBCBCBCBCBCBCBCBC
CBCBCBCBCBCBCBCBCB
BCBCBCBCBCBCBCBCBC
CBCBCBCBCBCBCBCBCB
BCBCBCBCBCBCBCBCBC
CBCBCBCBCBCBCBCBCB
BCBCBCBCBCBCBCBCBC
CBCBCBCBCBCBCBCBCB
BCBCBCBCBCBCBCBCBC
CBCBCBCBCBCBCBCBCB
BCBCBCBCBCBCBCBCBC
CBCBCBCBCBCBCBCBCB
BCBCBCBCBCBCBCBCBC
CBCBCBCBCBCBCBCBCB
BCBCBCBCBCBCBCBCBC
CBCBCBCBCBCBCBCBCB
BCBCBCBCBCBCBCBCBC
CBCBCBCBCBCBCBCBCB
BCBCBCBCBCBCBCBCBC
CBCBCBCBCBCBCBCBCB
BCBCBCBCBCBCBCBCBC
CBCBCBCBCBCBCBCBCB
BCBCBCBCBCBCBCBCBC
CBCBCBCBCBCBCBCBCB
BCBCBCBCBCBCBCBCBC
CBCBCBCBCBCBCBCBCB
BCBCBCBCBCBCBCBCBC
CBCBCBCBCBCBCBCBCB
BCBCBCBCBCBCBCBCBC
CBCBCBCBCBCBCBCBCB
BCBCBCBCBCBCBCBCBC
CBCBCBCBCBCBCBCBCB
BCBCBCBCBCBCBCBCBC
CBCBCBCBCBCBCBCBCB
BCBCBCBCBCBCBCBCBC
CBCBCBCBCBCBCBCBCB
BCBCBCBCBCBCBCBCBC
CBCBCBCBCBCBCBCBCB
BCBCBCBCBCBCBCBCBC
CBCBCBCBCBCBCBCBCB
BCBCBCBCBCBCBCBCBC
CBCBCBCBCBCBCBCBCB
BCBCBCBCBCBCBCBCBC
CBCBCBCBCBCBCBCBCB
BCBCBCBCBCBCBCBCBC
CBCBCBCBCBCBCBCBCB
BCBCBCBCBCBCBCBCBC
CBCBCBCBCBCBCBCBCB
BCBCBCBCBCBCBCBCBC
CBCBCBCBCBCBCBCBCB
BCBCBCBCBCBCBCBCBC
CBCBCBCBCBCBCBCBCB
BCBCBCBCBCBCBCBCBC
CBCBCBCBCBCBCBCBCB
BCBCBCBCBCBCBCBCBC
CBCBCBCBCBCBCBCBCB
BCBCBCBCBCBCBCBCBC
CBCBCBCBCBCBABABAB
BABABABABABABABABA
ABABABABABABABABAB
BABABABABABABABABA
ABABABABABABABABAB
BABABABABABABABABA
ABABABABABABABABAB
BABABABABABABABABA
ABABABABABABABABAB
BABABABABABABABABA
ABABABABABABABABAB
BABABABABABABABABA
ABABABABABABABABAB
BABABABABABABABABA
ABABABABABABABABAB
BABABABABABABABABA
ABABABABABABABABAB
BABABABABABABABABA
ABABABABABABABABAB
BABABABABABABABABA
ABABABABABABABABAB
BABABABABABABABABA
ABABABABABABABABAB
BABABABABABABABABA
ABABABABABABABABAB
BABABABABABABABABA
ABABABABABABABABAB
BABABABABABABABABA
ABABABABABABABABAB
BABABABABABABABABA
ABABABABABABABABAB
BABABABABABABABABA
ABABABABABABABABAB
BABABABABABABABABA
ABABABABABABABABAB
BABABABABABABABABA
ABABABABABABABABAB
BABABABABABABABABA
ABABABABABABABABAB
BABABABABABABABABA
ABABABABABABABABAB
BABABABABABABABABA
ABABABABABABABABAB
BABABABABABABABABA
ABABABABABABABABAB
BABABABABABABABABA
ABABABABABABABABAB
BABABABABABABABABA
ABABABABABABABABAB
BABABABABABABABABA
ABABABABABABABABAB
BABABABABABABABABA
ABABABABABABABABAB
BABABABABABABABABA
ABABABABABABABABAB
BABABABABABABABABA
ABABABABABABABABAB
BABABABABABABABABA
ABABABABABABABABAB
BABABABABABABABABA
ABABABABABABABABAB
BABABABABABABABABA
ABABABABABABABABAB
BABABABABABABABABA
ABABABABABABABABAB
BABABABABABABABABA
ABABABABABABABABAB
BABABABABABABABABA
ABABABABABABABABAB
BABABABABABABABABA
ABABABABABABABABAB
BABABABABABABABABA
ABABABABABABABABAB
BABABABABABABABABA
ABABABABABABABABAB
BABABABABABABABABA
ABABABABABABABABAB
BABABABABABABABABA
ABABABABABABABABAB
BABABABABABABABABA
ABABABABABABABABAB
BABABABABABABABABA
ABABABABABABABABAB
BABABABABABABABABA
ABABABABABABABABAB
BABABABABABABABABA
ABABABABABABABABAB
BABABABABABABABABA
ABABABABABABABABAB
BABABABABABABABABA
ABABABABABABABABAB
BABABABABABABABABA
ABABABABABABABABAB
BABABABABABABABABA
ABABABABABABABABAB
BABABABABABABABABA
ABABABABABABABABAB
BABABABABABABABABA
ABABABABABABABABAB
BABABABABABABABABA
ABABABABABABABABAB
BABABABABABABABABA
ABABABABABABABABAB
BABABABABABABABABA
ABABABABABABABABAB
BABABABABABABABABA
ABABABABABABABABAB
BABABABABABABABABA
ABABABABABABABABAB
BABABABABABABABABA
ABABABABABABABABAB
BABABABABABABABABA
ABABABABABABABABAB
BABABABABABABABABA
ABABABABABABABABAB
BABABABABABABABABA
ABABABABABABABABAB
BABABABABABABABABA
ABABABABABABABABAB
BABABABABABABABABA
ABABABABABABABABAB
BABABABABABABABABA
ABABABABABABABABAB
BABABABABABABABABA
ABABABABABABABABAB
BABABABABABABABABA
ABABABABABABABABAB
BABABABABABABABABA
ABABABABABABABABAB
BABABABABABABABABA
ABABABABABABABABAB
BABABABABABABABABA
ABABABABABABABABAB
BABABABABABABABABA
ABABABABABABABABAB
BABABABABABABABABA
ABABABABABABABABAB
BABABABABABABABABA
ABABABABABABABABAB
BABABABABABABABABA
ABABABABABABABABAB
BABABABABABABABABA
ABABABABABABABABAB
BABABABABABABABABA
ABABABABABABABABAB
BABABABABABABABABA
ABABABABABABABABAB
BABABABABABABABABA
ABABABABABABABABAB
BABABABABABABABABA
ABABABABABABABABAB
BABABABABABABABABA
ABABABABABABABABAB
BABABABABABABABABA
ABABABABABABABABAB
BABABABABABABABABA
ABABABABABABABABAB
BABABABABABABABABA
ABABABABABABABABAB
BABABABABABABABABA
ABABABABABABABABAB
BABABABABABABABABA
ABABABABABABABABAB
BABABABABABABABABA
ABABABABABABABABAB
BABABABABABABABABA
ABABABABABABABABAB
BABABABABABABABABA
ABABABABABABABABAB
BABABABABABABABABA
ABABABABABABABABAB
BABABABABABABABABA
ABABABABABABABABAB
BABABABABABABABABA
ABABABABABABABABAB
BABABABABABABABABA
ABABABABABABABABAB
BABABABABABABABABA
ABABABABABABABABAB
BABABABABABABABABA
ABABABABABABABABAB
BABABABABABABABABA
ABABABABABABABABAB
BABABABABABABABABA
ABABABABABABABABAB
BABABABABABABABABA
ABABABABABABABABAB
BABABABABABABABABA
ABABABABABABABABAB
BABABABABABABABABA
ABABABABABABABABAB
BABABABABABABABABA
ABABABABABABABABAB
BABABABABABABABABA
ABABABABABABABABAB
BABABABABABABABABA
ABABABABABABABABAB
BABABABABABABABABA
ABABABABABABABABAB
BABABABABABABABABA
ABABABABABABABABAB
BABABABABABABABABA
ABABABABABABABABAB
BABABABABABABABABA
ABABABABABABABABAC
CACACACACACACACACA
ACACACACACACACACAC
CACACACACACACACACA
ACACACACACACACACAC
CACACACACACACACACA
ACACACACACACACACAC
CACACACACACACACACA
ACACACACACACACACAC
CACACACACACACACACA
ACACACACACACACACAC
CACACACACACACACACA
ACACACACACACACACAC
CACACACACACACACACA
ACACACACACACACACAC
CACACACACACACACACA
ACACACACACACACACAC
CACACACACACACACACA
ACACACACACACACACAC
CACACACACACACACACA
ACACACACACACACACAC
CACACACACACACACACA
ACACACACACACACACAC
CACACACACACACACACA
ACACACACACACACACAC
CACACACACACACACACA
ACACACACACACACACAC
CACACACACACACACACA
ACACACACACACACACAC
CACACACACACACACACA
ACACACACACACACACAC
CACACACACACACACACA
ACACACACACACACACAC
CACACACACACACACACA
ACACACACACACACACAC
CACACACACACACACACA
ACACACACACACACACAC
CACACACACACACACACA
ACACACACACACACACAC
CACACACACACACACACA
ACACACACACACACACAC
CACACACACACACACACA
ACACACACACACACACAC
CACACACACACACACACA
ACACACACACACACACAC
CACACACACACACACACA
ACACACACACACACACAC
CACACACACACACACACA
ACACACACACACACACAC
CACACACACACACACACA
ACACACACACACACACAC
CACACACACACACACACA
ACACACACACACACACAC
CACACACACACACACACA
ACACACACACACACACAC
CACACACACACACACACA
ACACACACACACACACAC
CACACACACACACACACA
ACACACACACACACACAC
CACACACACACACACACA
ACACACACACACACACAC
CACACACACACACACACA
ACACACACACACACACAC
CACACACACACACACACA
ACACACACACACACACAC
CACACACACACACACACA
ACACACACACACACACAC
CACACACACACACACACA
ACACACACACACACACAC
CACACACACACACACACA
ACACACACACACACACAC
CACACACACACACACACA
ACACACACACACACACAC
CACACACACACACACACA
ACACACACACACACACAC
CACACACACACACACACA
ACACACACACACACACAC
CACACACACACACACACA
ACACACACACACACACAC
CACACACACACACACACA
ACACACACACACACACAC
CACACACACACACACACA
ACACACACACACACACAC
CACACACACACACACACA
ACACACACACACACACAC
CACACACACACACACACA
ACACACACACACACACAC
CACACACACACACACACA
ACACACACACACACACAC
CACACACACACACACACA
ACACACACACACACACAC
CACACACACACACACACA
ACACACACACACACACAC
CACACACACACACACACA
ACACACACACACACACAC
CACACACACACACACACA
ACACACACACACACACAC
CACACACACACACACACA
ACACACACACACACACAC
CACACACACACACACACA
ACACACACACACACACAC
CACACACACACACACACA
ACACACACACACACACAC
CACACACACACACACACA
ACACACACACACACACAC
CACACACACACACACACA
ACACACACACACACACAC
CACACACACACACACACA
ACACACACACACACACAC
CACACACACACACACACA
ACACACACACACACACAC
CACACACACACACACACA
ACACACACACACACACAC
CACACACACACACACACA
ACACACACACACACACAC
CACACACACACACACACA
ACACACACACACACACAC
CACACACACACACACACA
ACACACACACACACACAC
CACACACACACACACACA
ACACACACACACACACAC
CACACACACACACACACA
ACACACACACACACACAC
CACACACACACACACACA
ACACACACACACACACAC
CACACACACACACACACA
ACACACACACACACACAC
CACACACACACACACACA
ACACACACACACACACAC
CACACACACACACACACA
ACACACACACACACACAC
CACACACACACACACACA
ACACACACACACACACAC
CACACACACACACACACA
ACACACACACACACACAC
CACACACACACACACACA
ACACACACACACACACAC
CACACACACACACACACA
ACACACACACACACACAC
CACACACACACACACACA
ACACACACACACACACAC
CACACACACACACACACA
ACACACACACACACACAC
CACACACACACACACACA
ACACACACACACACACAC
CACACACACACACACACA
ACACACACACACACACAC
CACACACACACACACACA
ACACACACACACACACAC
CACACACACACACACACA
ACACACACACACACACAC
CACACACACACACACACA
ACACACACACACACACAC
CACACACACACACACACA
ACACACACACACACACAC
CACACACACACACACACA
ACACACACACACACACAC
CACACACACACACACACA
ACACACACACACACACAC
CACACACACACACACACA
ACACACACACACACACAC
CACACACACACACACACA
ACACACACACACACACAC
CACACACACACACACACA
ACACACACACACACACAC
CACACACACACACACACA
ACACACACACACACACAC
CACACACACACACACACA
ACACACACACACACACAC
CACACACACACACACACA
ACACACACACACACACAC
CACACACACACACACACA
ACACACACACACACACAC
CACACACACACACACACA
ACACACACACACACACAC
CACACACACACACACACA
ACACACACACACACACAC
CACACACACACACACACA
ACACACACACACACACAC
CACACACACACACACACA
ACACACACACACACACAC
CACACACACACACACACA
ACACACACACACACACAC
CACACACACACACACACA
ACACACACACACACACAC
CACACACACACACACACA
ACACACACACACACACAC
CACACACACACACACACA
ACACACACACACACACAC
CACACACACACACACACA
ACACACACACACACACAC
CACACACACACACACACA
ACACACACACACACACAC
CACACACACACACACACA
ACACACACACACACACAC
CACACACACACACACACA
ACACACACACACACACAC
CACACACACACACACACA
ACACACACACACACACAC
